// Jest Snapshot v1, https://goo.gl/fbAQLP

exports[`sand.jison does not have new conflicts 1`] = `
"Conflict in grammar: multiple actions possible when lookahead token is ** in state 69
- reduce by rule: expressionLackingRightDelimiter -> expressionLackingRightDelimiterStartingWithInfixToken
- shift token (then go to state 104)
Conflict in grammar: multiple actions possible when lookahead token is % in state 69
- reduce by rule: expressionLackingRightDelimiter -> expressionLackingRightDelimiterStartingWithInfixToken
- shift token (then go to state 103)
Conflict in grammar: multiple actions possible when lookahead token is / in state 69
- reduce by rule: expressionLackingRightDelimiter -> expressionLackingRightDelimiterStartingWithInfixToken
- shift token (then go to state 102)
Conflict in grammar: multiple actions possible when lookahead token is * in state 69
- reduce by rule: expressionLackingRightDelimiter -> expressionLackingRightDelimiterStartingWithInfixToken
- shift token (then go to state 101)
Conflict in grammar: multiple actions possible when lookahead token is - in state 69
- reduce by rule: expressionLackingRightDelimiter -> expressionLackingRightDelimiterStartingWithInfixToken
- shift token (then go to state 100)
Conflict in grammar: multiple actions possible when lookahead token is + in state 69
- reduce by rule: expressionLackingRightDelimiter -> expressionLackingRightDelimiterStartingWithInfixToken
- shift token (then go to state 99)
Conflict in grammar: multiple actions possible when lookahead token is >= in state 69
- reduce by rule: expressionLackingRightDelimiter -> expressionLackingRightDelimiterStartingWithInfixToken
- shift token (then go to state 98)
Conflict in grammar: multiple actions possible when lookahead token is > in state 69
- reduce by rule: expressionLackingRightDelimiter -> expressionLackingRightDelimiterStartingWithInfixToken
- shift token (then go to state 97)
Conflict in grammar: multiple actions possible when lookahead token is <= in state 69
- reduce by rule: expressionLackingRightDelimiter -> expressionLackingRightDelimiterStartingWithInfixToken
- shift token (then go to state 96)
Conflict in grammar: multiple actions possible when lookahead token is < in state 69
- reduce by rule: expressionLackingRightDelimiter -> expressionLackingRightDelimiterStartingWithInfixToken
- shift token (then go to state 95)
Conflict in grammar: multiple actions possible when lookahead token is != in state 69
- reduce by rule: expressionLackingRightDelimiter -> expressionLackingRightDelimiterStartingWithInfixToken
- shift token (then go to state 94)
Conflict in grammar: multiple actions possible when lookahead token is == in state 69
- reduce by rule: expressionLackingRightDelimiter -> expressionLackingRightDelimiterStartingWithInfixToken
- shift token (then go to state 93)
Conflict in grammar: multiple actions possible when lookahead token is && in state 69
- reduce by rule: expressionLackingRightDelimiter -> expressionLackingRightDelimiterStartingWithInfixToken
- shift token (then go to state 92)
Conflict in grammar: multiple actions possible when lookahead token is || in state 69
- reduce by rule: expressionLackingRightDelimiter -> expressionLackingRightDelimiterStartingWithInfixToken
- shift token (then go to state 91)
Conflict in grammar: multiple actions possible when lookahead token is ** in state 70
- reduce by rule: expressionLackingRightDelimiter -> expressionLackingRightDelimiterNotStartingWithInfixToken
- shift token (then go to state 118)
Conflict in grammar: multiple actions possible when lookahead token is % in state 70
- reduce by rule: expressionLackingRightDelimiter -> expressionLackingRightDelimiterNotStartingWithInfixToken
- shift token (then go to state 117)
Conflict in grammar: multiple actions possible when lookahead token is / in state 70
- reduce by rule: expressionLackingRightDelimiter -> expressionLackingRightDelimiterNotStartingWithInfixToken
- shift token (then go to state 116)
Conflict in grammar: multiple actions possible when lookahead token is * in state 70
- reduce by rule: expressionLackingRightDelimiter -> expressionLackingRightDelimiterNotStartingWithInfixToken
- shift token (then go to state 115)
Conflict in grammar: multiple actions possible when lookahead token is - in state 70
- reduce by rule: expressionLackingRightDelimiter -> expressionLackingRightDelimiterNotStartingWithInfixToken
- shift token (then go to state 114)
Conflict in grammar: multiple actions possible when lookahead token is + in state 70
- reduce by rule: expressionLackingRightDelimiter -> expressionLackingRightDelimiterNotStartingWithInfixToken
- shift token (then go to state 113)
Conflict in grammar: multiple actions possible when lookahead token is >= in state 70
- reduce by rule: expressionLackingRightDelimiter -> expressionLackingRightDelimiterNotStartingWithInfixToken
- shift token (then go to state 112)
Conflict in grammar: multiple actions possible when lookahead token is > in state 70
- reduce by rule: expressionLackingRightDelimiter -> expressionLackingRightDelimiterNotStartingWithInfixToken
- shift token (then go to state 111)
Conflict in grammar: multiple actions possible when lookahead token is <= in state 70
- reduce by rule: expressionLackingRightDelimiter -> expressionLackingRightDelimiterNotStartingWithInfixToken
- shift token (then go to state 110)
Conflict in grammar: multiple actions possible when lookahead token is < in state 70
- reduce by rule: expressionLackingRightDelimiter -> expressionLackingRightDelimiterNotStartingWithInfixToken
- shift token (then go to state 109)
Conflict in grammar: multiple actions possible when lookahead token is != in state 70
- reduce by rule: expressionLackingRightDelimiter -> expressionLackingRightDelimiterNotStartingWithInfixToken
- shift token (then go to state 108)
Conflict in grammar: multiple actions possible when lookahead token is == in state 70
- reduce by rule: expressionLackingRightDelimiter -> expressionLackingRightDelimiterNotStartingWithInfixToken
- shift token (then go to state 107)
Conflict in grammar: multiple actions possible when lookahead token is && in state 70
- reduce by rule: expressionLackingRightDelimiter -> expressionLackingRightDelimiterNotStartingWithInfixToken
- shift token (then go to state 106)
Conflict in grammar: multiple actions possible when lookahead token is || in state 70
- reduce by rule: expressionLackingRightDelimiter -> expressionLackingRightDelimiterNotStartingWithInfixToken
- shift token (then go to state 105)

States with conflicts:
State 69
  expressionLackingRightDelimiter -> expressionLackingRightDelimiterStartingWithInfixToken . #lookaheads= } ; { , ] ) ** % / * - + >= > <= < != == && ||
  expressionLackingRightDelimiterStartingWithInfixToken -> expressionLackingRightDelimiterStartingWithInfixToken .|| expression #lookaheads= ; } || && == != < <= > >= + - * / % ** { ] ) ,
  expressionLackingRightDelimiterStartingWithInfixToken -> expressionLackingRightDelimiterStartingWithInfixToken .&& expression #lookaheads= ; } || && == != < <= > >= + - * / % ** { ] ) ,
  expressionLackingRightDelimiterStartingWithInfixToken -> expressionLackingRightDelimiterStartingWithInfixToken .== expression #lookaheads= ; } || && == != < <= > >= + - * / % ** { ] ) ,
  expressionLackingRightDelimiterStartingWithInfixToken -> expressionLackingRightDelimiterStartingWithInfixToken .!= expression #lookaheads= ; } || && == != < <= > >= + - * / % ** { ] ) ,
  expressionLackingRightDelimiterStartingWithInfixToken -> expressionLackingRightDelimiterStartingWithInfixToken .< expression #lookaheads= ; } || && == != < <= > >= + - * / % ** { ] ) ,
  expressionLackingRightDelimiterStartingWithInfixToken -> expressionLackingRightDelimiterStartingWithInfixToken .<= expression #lookaheads= ; } || && == != < <= > >= + - * / % ** { ] ) ,
  expressionLackingRightDelimiterStartingWithInfixToken -> expressionLackingRightDelimiterStartingWithInfixToken .> expression #lookaheads= ; } || && == != < <= > >= + - * / % ** { ] ) ,
  expressionLackingRightDelimiterStartingWithInfixToken -> expressionLackingRightDelimiterStartingWithInfixToken .>= expression #lookaheads= ; } || && == != < <= > >= + - * / % ** { ] ) ,
  expressionLackingRightDelimiterStartingWithInfixToken -> expressionLackingRightDelimiterStartingWithInfixToken .+ expression #lookaheads= ; } || && == != < <= > >= + - * / % ** { ] ) ,
  expressionLackingRightDelimiterStartingWithInfixToken -> expressionLackingRightDelimiterStartingWithInfixToken .- expression #lookaheads= ; } || && == != < <= > >= + - * / % ** { ] ) ,
  expressionLackingRightDelimiterStartingWithInfixToken -> expressionLackingRightDelimiterStartingWithInfixToken .* expression #lookaheads= ; } || && == != < <= > >= + - * / % ** { ] ) ,
  expressionLackingRightDelimiterStartingWithInfixToken -> expressionLackingRightDelimiterStartingWithInfixToken ./ expression #lookaheads= ; } || && == != < <= > >= + - * / % ** { ] ) ,
  expressionLackingRightDelimiterStartingWithInfixToken -> expressionLackingRightDelimiterStartingWithInfixToken .% expression #lookaheads= ; } || && == != < <= > >= + - * / % ** { ] ) ,
  expressionLackingRightDelimiterStartingWithInfixToken -> expressionLackingRightDelimiterStartingWithInfixToken .** expression #lookaheads= ; } || && == != < <= > >= + - * / % ** { ] ) ,
State 70
  expressionLackingRightDelimiter -> expressionLackingRightDelimiterNotStartingWithInfixToken . #lookaheads= } ; { , ] ) ** % / * - + >= > <= < != == && ||
  expressionLackingRightDelimiterNotStartingWithInfixToken -> expressionLackingRightDelimiterNotStartingWithInfixToken .|| expression #lookaheads= ; } || && == != < <= > >= + - * / % ** { ] ) ,
  expressionLackingRightDelimiterNotStartingWithInfixToken -> expressionLackingRightDelimiterNotStartingWithInfixToken .&& expression #lookaheads= ; } || && == != < <= > >= + - * / % ** { ] ) ,
  expressionLackingRightDelimiterNotStartingWithInfixToken -> expressionLackingRightDelimiterNotStartingWithInfixToken .== expression #lookaheads= ; } || && == != < <= > >= + - * / % ** { ] ) ,
  expressionLackingRightDelimiterNotStartingWithInfixToken -> expressionLackingRightDelimiterNotStartingWithInfixToken .!= expression #lookaheads= ; } || && == != < <= > >= + - * / % ** { ] ) ,
  expressionLackingRightDelimiterNotStartingWithInfixToken -> expressionLackingRightDelimiterNotStartingWithInfixToken .< expression #lookaheads= ; } || && == != < <= > >= + - * / % ** { ] ) ,
  expressionLackingRightDelimiterNotStartingWithInfixToken -> expressionLackingRightDelimiterNotStartingWithInfixToken .<= expression #lookaheads= ; } || && == != < <= > >= + - * / % ** { ] ) ,
  expressionLackingRightDelimiterNotStartingWithInfixToken -> expressionLackingRightDelimiterNotStartingWithInfixToken .> expression #lookaheads= ; } || && == != < <= > >= + - * / % ** { ] ) ,
  expressionLackingRightDelimiterNotStartingWithInfixToken -> expressionLackingRightDelimiterNotStartingWithInfixToken .>= expression #lookaheads= ; } || && == != < <= > >= + - * / % ** { ] ) ,
  expressionLackingRightDelimiterNotStartingWithInfixToken -> expressionLackingRightDelimiterNotStartingWithInfixToken .+ expression #lookaheads= ; } || && == != < <= > >= + - * / % ** { ] ) ,
  expressionLackingRightDelimiterNotStartingWithInfixToken -> expressionLackingRightDelimiterNotStartingWithInfixToken .- expression #lookaheads= ; } || && == != < <= > >= + - * / % ** { ] ) ,
  expressionLackingRightDelimiterNotStartingWithInfixToken -> expressionLackingRightDelimiterNotStartingWithInfixToken .* expression #lookaheads= ; } || && == != < <= > >= + - * / % ** { ] ) ,
  expressionLackingRightDelimiterNotStartingWithInfixToken -> expressionLackingRightDelimiterNotStartingWithInfixToken ./ expression #lookaheads= ; } || && == != < <= > >= + - * / % ** { ] ) ,
  expressionLackingRightDelimiterNotStartingWithInfixToken -> expressionLackingRightDelimiterNotStartingWithInfixToken .% expression #lookaheads= ; } || && == != < <= > >= + - * / % ** { ] ) ,
  expressionLackingRightDelimiterNotStartingWithInfixToken -> expressionLackingRightDelimiterNotStartingWithInfixToken .** expression #lookaheads= ; } || && == != < <= > >= + - * / % ** { ] ) ,
"
`;

exports[`sand.jison does not have new conflicts 2`] = `
Object {
  "reduceReduce": 0,
  "reduceShift": 28,
  "total": 28,
}
`;
